Copyright 1986-2016 Xilinx, Inc. All Rights Reserved.
--------------------------------------------------------------------------------------
| Tool Version : Vivado v.2016.4 (win64) Build 1756540 Mon Jan 23 19:11:23 MST 2017
| Date         : Tue Nov 14 16:09:03 2017
| Host         : DESKTOP-535LE86 running 64-bit major release  (build 9200)
| Command      : report_control_sets -verbose -file mips_fpga_control_sets_placed.rpt
| Design       : mips_fpga
| Device       : xc7a100t
--------------------------------------------------------------------------------------

Control Set Information

Table of Contents
-----------------
1. Summary
2. Flip-Flop Distribution
3. Detailed Control Set Information

1. Summary
----------

+----------------------------------------------------------+-------+
|                          Status                          | Count |
+----------------------------------------------------------+-------+
| Number of unique control sets                            |     8 |
| Unused register locations in slices containing registers |    11 |
+----------------------------------------------------------+-------+


2. Flip-Flop Distribution
-------------------------

+--------------+-----------------------+------------------------+-----------------+--------------+
| Clock Enable | Synchronous Set/Reset | Asynchronous Set/Reset | Total Registers | Total Slices |
+--------------+-----------------------+------------------------+-----------------+--------------+
| No           | No                    | No                     |              68 |           41 |
| No           | No                    | Yes                    |              32 |           12 |
| No           | Yes                   | No                     |              33 |            9 |
| Yes          | No                    | No                     |               0 |            0 |
| Yes          | No                    | Yes                    |              64 |           18 |
| Yes          | Yes                   | No                     |               0 |            0 |
+--------------+-----------------------+------------------------+-----------------+--------------+


3. Detailed Control Set Information
-----------------------------------

+----------------+---------------------------+------------------+------------------+----------------+
|  Clock Signal  |       Enable Signal       | Set/Reset Signal | Slice Load Count | Bel Load Count |
+----------------+---------------------------+------------------+------------------+----------------+
|  clk_IBUF_BUFG |                           |                  |               14 |             16 |
|  clk_gen/CLK   |                           |                  |                7 |             20 |
|  clk_pb_BUFG   |                           | rst_IBUF         |               12 |             32 |
|  clk_pb_BUFG   | mips/dp/pc_reg/we_dm_OBUF |                  |                8 |             32 |
|  n_0_91_BUFG   |                           |                  |               20 |             32 |
|  clk_IBUF_BUFG |                           | rst_IBUF         |                9 |             33 |
|  clk_pb_BUFG   | mips/dp/pc_reg/E[0]       | rst_IBUF         |               18 |             64 |
|  clk_pb_BUFG   | mips/dp/pc_reg/we         |                  |               18 |            144 |
+----------------+---------------------------+------------------+------------------+----------------+


+--------+-----------------------+
| Fanout | Number of ControlSets |
+--------+-----------------------+
| 16+    |                     8 |
+--------+-----------------------+


